Microchip MPLAB XC8 Compiler V1.45 ()

Linker command line:

-W-3 --edf=C:\Program Files (x86)\Microchip\xc8\v1.45\dat\en_msgs.txt -cs \
  -h+dist/default/production\RgbNewFrame.X.production.sym \
  --cmf=dist/default/production\RgbNewFrame.X.production.cmf -z -Q16F1526 \
  -oC:\Users\Alfaone\AppData\Local\Temp\s48c.2 \
  -Mdist/default/production/RgbNewFrame.X.production.map -E1 -ver=XC8 \
  -ASTACK=020E0h-022efh -pstack=STACK -ACODE=00h-07FFhx4 \
  -ASTRCODE=00h-01FFFh -ASTRING=00h-0FFhx32 -ACONST=00h-0FFhx32 \
  -AENTRY=00h-0FFhx32 -ACOMMON=070h-07Fh -ABANK0=020h-06Fh \
  -ABANK1=0A0h-0EFh -ABANK2=0120h-016Fh -ABANK3=01A0h-01EFh \
  -ABANK4=0220h-026Fh -ABANK5=02A0h-02EFh -ABANK6=0320h-036Fh \
  -ABANK7=03A0h-03EFh -ABANK8=0420h-046Fh -ABANK9=04A0h-04BFh \
  -ABIGRAM=02000h-022EFh \
  -ARAM=020h-06Fh,0A0h-0EFh,0120h-016Fh,01A0h-01EFh,0220h-026Fh,02A0h-02EFh,0320h-036Fh,03A0h-03EFh,0420h-046Fh,04A0h-04BFh \
  -AABS1=020h-07Fh,0A0h-0EFh,0120h-016Fh,01A0h-01EFh,0220h-026Fh,02A0h-02EFh,0320h-036Fh,03A0h-03EFh,0420h-046Fh,04A0h-04BFh \
  -ASFR0=00h-01Fh -ASFR1=080h-09Fh -ASFR2=0100h-011Fh -ASFR3=0180h-019Fh \
  -ASFR4=0200h-021Fh -ASFR5=0280h-029Fh -ASFR6=0300h-031Fh \
  -ASFR7=0380h-039Fh -ASFR8=0400h-041Fh -ASFR9=0480h-049Fh \
  -ASFR10=0500h-056Fh -ASFR11=0580h-05EFh -ASFR12=0600h-066Fh \
  -ASFR13=0680h-06EFh -ASFR14=0700h-076Fh -ASFR15=0780h-07EFh \
  -ASFR16=0800h-086Fh -ASFR17=0880h-08EFh -ASFR18=0900h-096Fh \
  -ASFR19=0980h-09EFh -ASFR20=0A00h-0A6Fh -ASFR21=0A80h-0AEFh \
  -ASFR22=0B00h-0B6Fh -ASFR23=0B80h-0BEFh -ASFR24=0C00h-0C6Fh \
  -ASFR25=0C80h-0CEFh -ASFR26=0D00h-0D6Fh -ASFR27=0D80h-0DEFh \
  -ASFR28=0E00h-0E6Fh -ASFR29=0E80h-0EEFh -ASFR30=0F00h-0F6Fh \
  -ASFR31=0F80h-0FEFh -preset_vec=00h,intentry=04h,init,end_init \
  -ppowerup=CODE -pcinit=CODE -pfunctab=ENTRY -ACONFIG=08007h-08008h \
  -pconfig=CONFIG -DCONFIG=2 -AIDLOC=08000h-08003h -pidloc=IDLOC -DIDLOC=2 \
  -DCODE=2 -DSTRCODE=2 -DSTRING=2 -DCONST=2 -DENTRY=2 -k \
  C:\Users\Alfaone\AppData\Local\Temp\s48c.obj \
  dist/default/production\RgbNewFrame.X.production.obj 

Object code version is 3.11

Machine type is 16F1526



                Name                               Link     Load   Length Selector   Space Scale
C:\Users\Alfaone\AppData\Local\Temp\s48c.obj
                end_init                             8F       8F        2        8       0
                reset_vec                             0        0        2        0       0
                config                             8007     8007        2    1000E       0
dist/default/production\RgbNewFrame.X.production.obj
                cinit                                91       91       42        8       0
                intentry                              4        4       8B        8       0
                text15                              7B6      7B6       19      F36       0
                text13                              FBC      FBC        7     1F78       0
                text12                              FEB      FEB       15     1FD6       0
                text11                              7E5      7E5       15      F36       0
                text10                              7CF      7CF       16      F36       0
                text9                               FB3      FB3        3     1F66       0
                text8                               6A7      6A7       1C        8       0
                text7                               FCA      FCA        F     1F94       0
                text6                               59D      59D       6B        8       0
                text5                               68A      68A       1D        8       0
                text4                               645      645       28        8       0
                text3                               79B      79B       1B      F36       0
                text2                                D3       D3      2EE        8       0
                text1                               66D      66D       1D        8       0
                maintext                            3C1      3C1      1DC        8       0
                cstackBANK0                          20       20       32       20       1
                cstackCOMMON                         76       76        6       70       1
                cstackBANK1                          E1       E1        4       A0       1
                clrtext                             FB6      FB6        6     1F6C       0
                inittext                            7FA      7FA        6      F36       0
                dataBANK2                           14E      14E       12      120       1
                bssBANK2                            120      120       2E      120       1
                dataBANK1                            A0       A0       3D       A0       1
                bssBANK1                             DD       DD        4       A0       1
                dataBANK0                            67       67        7       20       1
                bssBANK0                             52       52       15       20       1
                bssCOMMON                            70       70        6       70       1
                stringtext15                       101B     101B        2     2000       0
                stringtext14                       1018     1018        3     2000       0
                stringtext13                       1014     1014        4     2000       0
                stringtext12                       1010     1010        4     2000       0
                stringtext11                       100C     100C        4     2000       0
                stringtext10                       1007     1007        5     2000       0
                stringtext9                        1000     1000        7     2000       0
                stringtext8                         780      780       1B      D86       0
                stringtext7                         765      765       1B      D86       0
                stringtext6                         74A      74A       1B      D86       0
                stringtext5                         72F      72F       1B      D86       0
                stringtext4                         714      714       1B      D86       0
                stringtext3                         6F9      6F9       1B      D86       0
                stringtext2                         6DE      6DE       1B      D86       0
                stringtext1                         6C3      6C3       1B      D86       0
                idataBANK2                          FD9      FD9       12     1FB2       0
                idataBANK1                          608      608       3D        8       0
                idataBANK0                          FC3      FC3        7     1F86       0

TOTAL           Name                               Link     Load   Length     Space
        CLASS   STACK          

        CLASS   CODE           
                end_init                             8F       8F        2         0
                cinit                                91       91       42         0
                intentry                              4        4       8B         0
                reset_vec                             0        0        2         0
                text15                              7B6      7B6       19         0
                text13                              FBC      FBC        7         0
                text12                              FEB      FEB       15         0
                text11                              7E5      7E5       15         0
                text10                              7CF      7CF       16         0
                text9                               FB3      FB3        3         0
                text8                               6A7      6A7       1C         0
                text7                               FCA      FCA        F         0
                text6                               59D      59D       6B         0
                text5                               68A      68A       1D         0
                text4                               645      645       28         0
                text3                               79B      79B       1B         0
                text2                                D3       D3      2EE         0
                text1                               66D      66D       1D         0
                maintext                            3C1      3C1      1DC         0
                clrtext                             FB6      FB6        6         0
                inittext                            7FA      7FA        6         0
                idataBANK2                          FD9      FD9       12         0
                idataBANK1                          608      608       3D         0
                idataBANK0                          FC3      FC3        7         0

        CLASS   STRCODE        
                stringtext15                       101B     101B        2         0
                stringtext14                       1018     1018        3         0
                stringtext13                       1014     1014        4         0
                stringtext12                       1010     1010        4         0
                stringtext11                       100C     100C        4         0
                stringtext10                       1007     1007        5         0
                stringtext9                        1000     1000        7         0
                stringtext8                         780      780       1B         0
                stringtext7                         765      765       1B         0
                stringtext6                         74A      74A       1B         0
                stringtext5                         72F      72F       1B         0
                stringtext4                         714      714       1B         0
                stringtext3                         6F9      6F9       1B         0
                stringtext2                         6DE      6DE       1B         0
                stringtext1                         6C3      6C3       1B         0

        CLASS   STRING         

        CLASS   CONST          

        CLASS   ENTRY          

        CLASS   COMMON         
                cstackCOMMON                         76       76        6         1
                bssCOMMON                            70       70        6         1

        CLASS   BANK0          
                cstackBANK0                          20       20       32         1
                dataBANK0                            67       67        7         1
                bssBANK0                             52       52       15         1

        CLASS   BANK1          
                cstackBANK1                          E1       E1        4         1
                dataBANK1                            A0       A0       3D         1
                bssBANK1                             DD       DD        4         1

        CLASS   BANK2          
                dataBANK2                           14E      14E       12         1
                bssBANK2                            120      120       2E         1

        CLASS   BANK3          

        CLASS   BANK4          

        CLASS   BANK5          

        CLASS   BANK6          

        CLASS   BANK7          

        CLASS   BANK8          

        CLASS   BANK9          

        CLASS   BIGRAM         

        CLASS   RAM            

        CLASS   ABS1           
                abs_s1                               7E       7E        2         1

        CLASS   SFR0           

        CLASS   SFR1           

        CLASS   SFR2           

        CLASS   SFR3           

        CLASS   SFR4           

        CLASS   SFR5           

        CLASS   SFR6           

        CLASS   SFR7           

        CLASS   SFR8           

        CLASS   SFR9           

        CLASS   SFR10          

        CLASS   SFR11          

        CLASS   SFR12          

        CLASS   SFR13          

        CLASS   SFR14          

        CLASS   SFR15          

        CLASS   SFR16          

        CLASS   SFR17          

        CLASS   SFR18          

        CLASS   SFR19          

        CLASS   SFR20          

        CLASS   SFR21          

        CLASS   SFR22          

        CLASS   SFR23          

        CLASS   SFR24          

        CLASS   SFR25          

        CLASS   SFR26          

        CLASS   SFR27          

        CLASS   SFR28          

        CLASS   SFR29          

        CLASS   SFR30          

        CLASS   SFR31          

        CLASS   CONFIG         
                config                             8007     8007        2         0

        CLASS   IDLOC          

        CLASS   BANK31         

        CLASS   BANK30         

        CLASS   BANK29         

        CLASS   BANK28         

        CLASS   BANK27         

        CLASS   BANK26         

        CLASS   BANK25         

        CLASS   BANK24         

        CLASS   BANK23         

        CLASS   BANK22         

        CLASS   BANK21         

        CLASS   BANK20         

        CLASS   BANK19         

        CLASS   BANK18         

        CLASS   BANK17         

        CLASS   BANK16         

        CLASS   BANK15         

        CLASS   BANK14         

        CLASS   BANK13         

        CLASS   BANK12         

        CLASS   BANK11         

        CLASS   BANK10         

        CLASS   EEDATA         



SEGMENTS        Name                           Load    Length   Top    Selector   Space  Class     Delta

                reset_vec                      000000  000002  000002         0       0  CODE        2
                intentry                       000004  0006BF  0006C3         8       0  CODE        2
                cstackBANK0                    000020  00004E  00006E        20       1  BANK0       1
                bssCOMMON                      000070  00000C  00007C        70       1  COMMON      1
                dataBANK1                      0000A0  000045  0000E5        A0       1  BANK1       1
                bssBANK2                       000120  000040  000160       120       1  BANK2       1
                stringtext1                    0006C3  0000D8  00079B       D86       0  STRCODE     2
                text3                          00079B  000065  000800       F36       0  CODE        2
                text9                          000FB3  000003  000FB6      1F66       0  CODE        2
                clrtext                        000FB6  000006  000FBC      1F6C       0  CODE        2
                text13                         000FBC  000007  000FC3      1F78       0  CODE        2
                idataBANK0                     000FC3  000007  000FCA      1F86       0  CODE        2
                text7                          000FCA  00000F  000FD9      1F94       0  CODE        2
                idataBANK2                     000FD9  000012  000FEB      1FB2       0  CODE        2
                text12                         000FEB  000015  001000      1FD6       0  CODE        2
                stringtext9                    001000  00001D  00101D      2000       0  STRCODE     2
                config                         008007  000002  008009     1000E       0  CONFIG      2


UNUSED ADDRESS RANGES

        Name                Unused          Largest block    Delta
        BANK0            0006E-0006F               2           1
        BANK1            000E5-000EF               B           1
        BANK2            00160-0016F              10           1
        BANK3            001A0-001EF              50           1
        BANK4            00220-0026F              50           1
        BANK5            002A0-002EF              50           1
        BANK6            00320-0036F              50           1
        BANK7            003A0-003EF              50           1
        BANK8            00420-0046F              50           1
        BANK9            004A0-004BF              20           1
        BIGRAM           02000-022EF             2F0           1
        CODE             00002-00003               2           2
                         00800-00FB2             7B3
                         0101D-01FFF             7E3
        COMMON           0007C-0007D               2           1
        CONST            00002-00003               2           2
                         00800-00FB2             100
                         0101D-01FFF             100
        ENTRY            00002-00003               2           2
                         00800-00FB2             100
                         0101D-01FFF             100
        IDLOC            08000-08003               4           2
        RAM              0006E-0006F               2           1
                         000E5-000EF               B
                         00160-0016F              10
                         001A0-001EF              50
                         00220-0026F              50
                         002A0-002EF              50
                         00320-0036F              50
                         003A0-003EF              50
                         00420-0046F              50
                         004A0-004BF              20
        SFR0             00000-0001F              20           1
        SFR1             00080-0009F              20           1
        SFR10            00500-0056F              70           1
        SFR11            00580-005EF              70           1
        SFR12            00600-0066F              70           1
        SFR13            00680-006EF              70           1
        SFR14            00700-0076F              70           1
        SFR15            00780-007EF              70           1
        SFR16            00800-0086F              70           1
        SFR17            00880-008EF              70           1
        SFR18            00900-0096F              70           1
        SFR19            00980-009EF              70           1
        SFR2             00100-0011F              20           1
        SFR20            00A00-00A6F              70           1
        SFR21            00A80-00AEF              70           1
        SFR22            00B00-00B6F              70           1
        SFR23            00B80-00BEF              70           1
        SFR24            00C00-00C6F              70           1
        SFR25            00C80-00CEF              70           1
        SFR26            00D00-00D6F              70           1
        SFR27            00D80-00DEF              70           1
        SFR28            00E00-00E6F              70           1
        SFR29            00E80-00EEF              70           1
        SFR3             00180-0019F              20           1
        SFR30            00F00-00F6F              70           1
        SFR31            00F80-00FEF              70           1
        SFR4             00200-0021F              20           1
        SFR5             00280-0029F              20           1
        SFR6             00300-0031F              20           1
        SFR7             00380-0039F              20           1
        SFR8             00400-0041F              20           1
        SFR9             00480-0049F              20           1
        STACK            020E0-022EF             210           1
        STRCODE          00002-00003               2           2
                         00800-00FB2             7B3
                         0101D-01FFF             FE3
        STRING           00002-00003               2           2
                         00800-00FB2             100
                         0101D-01FFF             100

                                  Symbol Table

?___wmul                                      cstackBANK0  00020
?_atoi                                        cstackBANK0  00026
_ANSELA                                       (abs)        0018C
_ANSELB                                       (abs)        0018D
_ANSELD                                       (abs)        0018F
_ANSELE                                       (abs)        00190
_ANSELF                                       (abs)        0040C
_ANSELG                                       (abs)        0040D
_AcknowledgementString                        bssBANK0     00064
_BAUD1CON                                     (abs)        0019F
_BlueColorIntensityBuffer                     dataBANK1    000D1
_BlueColorIntensityString                     bssBANK0     00060
_ChildLockBuffer                              dataBANK0    0006C
_ChildLockString                              bssBANK0     0005F
_EUSART_Initialize                            text10       007CF
_ErrorNames                                   dataBANK1    000CC
_FinalFramebitBuffer                          dataBANK0    0006B
_FinalframebitString                          bssBANK0     0005E
_GIE                                          (abs)        0005F
_GPIO_pin_Initialize                          text11       007E5
_GreenColorIntensityBuffer                    dataBANK1    000D4
_GreenColorIntensityString                    bssBANK0     00061
_M1                                           bssBANK0     0005C
_M2                                           bssBANK0     0005A
_M3                                           bssBANK0     00058
_M4                                           bssBANK0     00056
_M5                                           bssBANK0     00054
_ModuleNameBuffer                             dataBANK1    000DA
_ModuleNameString                             bssBANK0     00066
_PEIE                                         (abs)        0005E
_PIE1bits                                     (abs)        00091
_PORTAbits                                    (abs)        0000C
_PORTFbits                                    (abs)        0028C
_RC1IF                                        (abs)        0008D
_RC1REG                                       (abs)        00199
_RC1STA                                       (abs)        0019D
_RC1STAbits                                   (abs)        0019D
_RedColorIntensityBuffer                      dataBANK1    000D7
_RedColorIntensityString                      bssBANK0     00062
_SP1BRGH                                      (abs)        0019C
_SP1BRGL                                      (abs)        0019B
_SwitchNumberBuffer                           dataBANK0    00069
_SwitchNumberString                           bssBANK0     00065
_SwitchStatusBuffer                           dataBANK0    0006D
_SwitchStatusString                           bssBANK0     00063
_TRISAbits                                    (abs)        0008C
_TRISCbits                                    (abs)        0008E
_TRISFbits                                    (abs)        0030C
_TX1REG                                       (abs)        0019A
_TX1STA                                       (abs)        0019E
_TX1STAbits                                   (abs)        0019E
_WPUB                                         (abs)        0020D
_WPUD                                         (abs)        0020F
_WPUE                                         (abs)        00210
_WPUG                                         (abs)        0048D
__CFG_BOREN$OFF                               (abs)        00000
__CFG_BORV$LO                                 (abs)        00000
__CFG_CLKOUTEN$OFF                            (abs)        00000
__CFG_CP$OFF                                  (abs)        00000
__CFG_FCMEN$OFF                               (abs)        00000
__CFG_FOSC$HS                                 (abs)        00000
__CFG_IESO$OFF                                (abs)        00000
__CFG_LPBOR$OFF                               (abs)        00000
__CFG_LVP$OFF                                 (abs)        00000
__CFG_MCLRE$OFF                               (abs)        00000
__CFG_PWRTE$OFF                               (abs)        00000
__CFG_STVREN$OFF                              (abs)        00000
__CFG_VCAPEN$OFF                              (abs)        00000
__CFG_WDTE$OFF                                (abs)        00000
__CFG_WRT$OFF                                 (abs)        00000
__Habs1                                       abs1         00000
__Hbank0                                      bank0        00000
__Hbank1                                      bank1        00000
__Hbank10                                     bank10       00000
__Hbank11                                     bank11       00000
__Hbank12                                     bank12       00000
__Hbank13                                     bank13       00000
__Hbank14                                     bank14       00000
__Hbank15                                     bank15       00000
__Hbank16                                     bank16       00000
__Hbank17                                     bank17       00000
__Hbank18                                     bank18       00000
__Hbank19                                     bank19       00000
__Hbank2                                      bank2        00000
__Hbank20                                     bank20       00000
__Hbank21                                     bank21       00000
__Hbank22                                     bank22       00000
__Hbank23                                     bank23       00000
__Hbank24                                     bank24       00000
__Hbank25                                     bank25       00000
__Hbank26                                     bank26       00000
__Hbank27                                     bank27       00000
__Hbank28                                     bank28       00000
__Hbank29                                     bank29       00000
__Hbank3                                      bank3        00000
__Hbank30                                     bank30       00000
__Hbank31                                     bank31       00000
__Hbank4                                      bank4        00000
__Hbank5                                      bank5        00000
__Hbank6                                      bank6        00000
__Hbank7                                      bank7        00000
__Hbank8                                      bank8        00000
__Hbank9                                      bank9        00000
__Hbigram                                     bigram       00000
__HbssBANK0                                   bssBANK0     00000
__HbssBANK1                                   bssBANK1     00000
__HbssBANK2                                   bssBANK2     00000
__HbssCOMMON                                  bssCOMMON    00000
__Hcinit                                      cinit        000D3
__Hclrtext                                    clrtext      00000
__Hcode                                       code         00000
__Hcommon                                     common       00000
__Hconfig                                     config       08009
__HcstackBANK0                                cstackBANK0  00000
__HcstackBANK1                                cstackBANK1  00000
__HcstackCOMMON                               cstackCOMMON 00000
__HdataBANK0                                  dataBANK0    00000
__HdataBANK1                                  dataBANK1    00000
__HdataBANK2                                  dataBANK2    00000
__Heeprom_data                                eeprom_data  00000
__Hend_init                                   end_init     00091
__Hfunctab                                    functab      00000
__HidataBANK0                                 idataBANK0   00000
__HidataBANK1                                 idataBANK1   00000
__HidataBANK2                                 idataBANK2   00000
__Hidloc                                      idloc        00000
__Hinit                                       init         0008F
__Hinittext                                   inittext     00000
__Hintentry                                   intentry     0008F
__Hmaintext                                   maintext     00000
__Hpowerup                                    powerup      00000
__Hram                                        ram          00000
__Hreset_vec                                  reset_vec    00002
__Hsfr0                                       sfr0         00000
__Hsfr1                                       sfr1         00000
__Hsfr10                                      sfr10        00000
__Hsfr11                                      sfr11        00000
__Hsfr12                                      sfr12        00000
__Hsfr13                                      sfr13        00000
__Hsfr14                                      sfr14        00000
__Hsfr15                                      sfr15        00000
__Hsfr16                                      sfr16        00000
__Hsfr17                                      sfr17        00000
__Hsfr18                                      sfr18        00000
__Hsfr19                                      sfr19        00000
__Hsfr2                                       sfr2         00000
__Hsfr20                                      sfr20        00000
__Hsfr21                                      sfr21        00000
__Hsfr22                                      sfr22        00000
__Hsfr23                                      sfr23        00000
__Hsfr24                                      sfr24        00000
__Hsfr25                                      sfr25        00000
__Hsfr26                                      sfr26        00000
__Hsfr27                                      sfr27        00000
__Hsfr28                                      sfr28        00000
__Hsfr29                                      sfr29        00000
__Hsfr3                                       sfr3         00000
__Hsfr30                                      sfr30        00000
__Hsfr31                                      sfr31        00000
__Hsfr4                                       sfr4         00000
__Hsfr5                                       sfr5         00000
__Hsfr6                                       sfr6         00000
__Hsfr7                                       sfr7         00000
__Hsfr8                                       sfr8         00000
__Hsfr9                                       sfr9         00000
__Hspace_0                                    (abs)        08009
__Hspace_1                                    (abs)        00160
__Hspace_2                                    (abs)        00000
__Hspace_3                                    (abs)        00000
__Hstack                                      stack        00000
__Hstrings                                    strings      00000
__Hstringtext1                                stringtext1  00000
__Hstringtext10                               stringtext10 00000
__Hstringtext11                               stringtext11 00000
__Hstringtext12                               stringtext12 00000
__Hstringtext13                               stringtext13 00000
__Hstringtext14                               stringtext14 00000
__Hstringtext15                               stringtext15 00000
__Hstringtext16                               stringtext16 00000
__Hstringtext2                                stringtext2  00000
__Hstringtext3                                stringtext3  00000
__Hstringtext4                                stringtext4  00000
__Hstringtext5                                stringtext5  00000
__Hstringtext6                                stringtext6  00000
__Hstringtext7                                stringtext7  00000
__Hstringtext8                                stringtext8  00000
__Hstringtext9                                stringtext9  00000
__Htext                                       text         00000
__Labs1                                       abs1         00000
__Lbank0                                      bank0        00000
__Lbank1                                      bank1        00000
__Lbank10                                     bank10       00000
__Lbank11                                     bank11       00000
__Lbank12                                     bank12       00000
__Lbank13                                     bank13       00000
__Lbank14                                     bank14       00000
__Lbank15                                     bank15       00000
__Lbank16                                     bank16       00000
__Lbank17                                     bank17       00000
__Lbank18                                     bank18       00000
__Lbank19                                     bank19       00000
__Lbank2                                      bank2        00000
__Lbank20                                     bank20       00000
__Lbank21                                     bank21       00000
__Lbank22                                     bank22       00000
__Lbank23                                     bank23       00000
__Lbank24                                     bank24       00000
__Lbank25                                     bank25       00000
__Lbank26                                     bank26       00000
__Lbank27                                     bank27       00000
__Lbank28                                     bank28       00000
__Lbank29                                     bank29       00000
__Lbank3                                      bank3        00000
__Lbank30                                     bank30       00000
__Lbank31                                     bank31       00000
__Lbank4                                      bank4        00000
__Lbank5                                      bank5        00000
__Lbank6                                      bank6        00000
__Lbank7                                      bank7        00000
__Lbank8                                      bank8        00000
__Lbank9                                      bank9        00000
__Lbigram                                     bigram       00000
__LbssBANK0                                   bssBANK0     00000
__LbssBANK1                                   bssBANK1     00000
__LbssBANK2                                   bssBANK2     00000
__LbssCOMMON                                  bssCOMMON    00000
__Lcinit                                      cinit        00091
__Lclrtext                                    clrtext      00000
__Lcode                                       code         00000
__Lcommon                                     common       00000
__Lconfig                                     config       08007
__LcstackBANK0                                cstackBANK0  00000
__LcstackBANK1                                cstackBANK1  00000
__LcstackCOMMON                               cstackCOMMON 00000
__LdataBANK0                                  dataBANK0    00000
__LdataBANK1                                  dataBANK1    00000
__LdataBANK2                                  dataBANK2    00000
__Leeprom_data                                eeprom_data  00000
__Lend_init                                   end_init     0008F
__Lfunctab                                    functab      00000
__LidataBANK0                                 idataBANK0   00000
__LidataBANK1                                 idataBANK1   00000
__LidataBANK2                                 idataBANK2   00000
__Lidloc                                      idloc        00000
__Linit                                       init         0008F
__Linittext                                   inittext     00000
__Lintentry                                   intentry     00004
__Lmaintext                                   maintext     00000
__Lpowerup                                    powerup      00000
__Lram                                        ram          00000
__Lreset_vec                                  reset_vec    00000
__Lsfr0                                       sfr0         00000
__Lsfr1                                       sfr1         00000
__Lsfr10                                      sfr10        00000
__Lsfr11                                      sfr11        00000
__Lsfr12                                      sfr12        00000
__Lsfr13                                      sfr13        00000
__Lsfr14                                      sfr14        00000
__Lsfr15                                      sfr15        00000
__Lsfr16                                      sfr16        00000
__Lsfr17                                      sfr17        00000
__Lsfr18                                      sfr18        00000
__Lsfr19                                      sfr19        00000
__Lsfr2                                       sfr2         00000
__Lsfr20                                      sfr20        00000
__Lsfr21                                      sfr21        00000
__Lsfr22                                      sfr22        00000
__Lsfr23                                      sfr23        00000
__Lsfr24                                      sfr24        00000
__Lsfr25                                      sfr25        00000
__Lsfr26                                      sfr26        00000
__Lsfr27                                      sfr27        00000
__Lsfr28                                      sfr28        00000
__Lsfr29                                      sfr29        00000
__Lsfr3                                       sfr3         00000
__Lsfr30                                      sfr30        00000
__Lsfr31                                      sfr31        00000
__Lsfr4                                       sfr4         00000
__Lsfr5                                       sfr5         00000
__Lsfr6                                       sfr6         00000
__Lsfr7                                       sfr7         00000
__Lsfr8                                       sfr8         00000
__Lsfr9                                       sfr9         00000
__Lspace_0                                    (abs)        00000
__Lspace_1                                    (abs)        00000
__Lspace_2                                    (abs)        00000
__Lspace_3                                    (abs)        00000
__Lstack                                      stack        00000
__Lstrings                                    strings      00000
__Lstringtext1                                stringtext1  00000
__Lstringtext10                               stringtext10 00000
__Lstringtext11                               stringtext11 00000
__Lstringtext12                               stringtext12 00000
__Lstringtext13                               stringtext13 00000
__Lstringtext14                               stringtext14 00000
__Lstringtext15                               stringtext15 00000
__Lstringtext16                               stringtext16 00000
__Lstringtext2                                stringtext2  00000
__Lstringtext3                                stringtext3  00000
__Lstringtext4                                stringtext4  00000
__Lstringtext5                                stringtext5  00000
__Lstringtext6                                stringtext6  00000
__Lstringtext7                                stringtext7  00000
__Lstringtext8                                stringtext8  00000
__Lstringtext9                                stringtext9  00000
__Ltext                                       text         00000
__S0                                          (abs)        08009
__S1                                          (abs)        00160
__S2                                          (abs)        00000
___int_sp                                     stack        00000
___latbits                                    (abs)        00002
___sp                                         stack        00000
___wmul                                       text8        006A7
___wmul@multiplicand                          cstackBANK0  00022
___wmul@multiplier                            cstackBANK0  00020
___wmul@product                               cstackBANK0  00024
__end_of_EUSART_Initialize                    text10       007E5
__end_of_GPIO_pin_Initialize                  text11       007FA
__end_of___wmul                               text8        006C3
__end_of__initialization                      cinit        000CF
__end_of_allPeripheralInit                    text9        00FB6
__end_of_applicationControl                   text2        003C1
__end_of_atoi                                 text6        00608
__end_of_clearAllPorts                        text13       00FC3
__end_of_errorsISR                            text15       007CF
__end_of_errorsMain                           text1        0068A
__end_of_isdigit                              text7        00FD9
__end_of_isr                                  intentry     0008F
__end_of_main                                 maintext     0059D
__end_of_pinINIT_extra                        text12       01000
__end_of_sendAcknowledgment                   text5        006A7
__end_of_strcat                               text4        0066D
__end_of_strcpy                               text3        007B6
__initialization                              cinit        00091
__pbssBANK0                                   bssBANK0     00052
__pbssBANK1                                   bssBANK1     000DD
__pbssBANK2                                   bssBANK2     00120
__pbssCOMMON                                  bssCOMMON    00070
__pcstackBANK0                                cstackBANK0  00020
__pcstackBANK1                                cstackBANK1  000E1
__pcstackCOMMON                               cstackCOMMON 00076
__pdataBANK0                                  dataBANK0    00067
__pdataBANK1                                  dataBANK1    000A0
__pdataBANK2                                  dataBANK2    0014E
__pidataBANK0                                 idataBANK0   00FC3
__pidataBANK1                                 idataBANK1   00608
__pidataBANK2                                 idataBANK2   00FD9
__pintentry                                   intentry     00004
__pmaintext                                   maintext     003C1
__pstringtext1                                stringtext1  006C3
__pstringtext10                               stringtext10 01007
__pstringtext11                               stringtext11 0100C
__pstringtext12                               stringtext12 01010
__pstringtext13                               stringtext13 01014
__pstringtext14                               stringtext14 01018
__pstringtext15                               stringtext15 0101B
__pstringtext16                               stringtext16 00000
__pstringtext2                                stringtext2  006DE
__pstringtext3                                stringtext3  006F9
__pstringtext4                                stringtext4  00714
__pstringtext5                                stringtext5  0072F
__pstringtext6                                stringtext6  0074A
__pstringtext7                                stringtext7  00765
__pstringtext8                                stringtext8  00780
__pstringtext9                                stringtext9  01000
__ptext1                                      text1        0066D
__ptext10                                     text10       007CF
__ptext11                                     text11       007E5
__ptext12                                     text12       00FEB
__ptext13                                     text13       00FBC
__ptext15                                     text15       007B6
__ptext2                                      text2        000D3
__ptext3                                      text3        0079B
__ptext4                                      text4        00645
__ptext5                                      text5        0068A
__ptext6                                      text6        0059D
__ptext7                                      text7        00FCA
__ptext8                                      text8        006A7
__ptext9                                      text9        00FB3
__size_of_EUSART_Initialize                   (abs)        00000
__size_of_GPIO_pin_Initialize                 (abs)        00000
__size_of___wmul                              (abs)        00000
__size_of_allPeripheralInit                   (abs)        00000
__size_of_applicationControl                  (abs)        00000
__size_of_atoi                                (abs)        00000
__size_of_clearAllPorts                       (abs)        00000
__size_of_errorsISR                           (abs)        00000
__size_of_errorsMain                          (abs)        00000
__size_of_isdigit                             (abs)        00000
__size_of_isr                                 (abs)        00000
__size_of_main                                (abs)        00000
__size_of_pinINIT_extra                       (abs)        00000
__size_of_sendAcknowledgment                  (abs)        00000
__size_of_strcat                              (abs)        00000
__size_of_strcpy                              (abs)        00000
_allPeripheralInit                            text9        00FB3
_applicationControl                           text2        000D3
_atoi                                         text6        0059D
_clearAllPorts                                text13       00FBC
_copymainReceivedDataBuffer                   dataBANK1    000A0
_copyparentalLockBuffer                       dataBANK1    000C2
_errorsISR                                    text15       007B6
_errorsMain                                   text1        0066D
_isdigit                                      text7        00FCA
_isdigit$591                                  cstackBANK0  00020
_isr                                          intentry     00004
_main                                         maintext     003C1
_mainDataReceived                             bssBANK0     00052
_mainReceivedDataBuffer                       dataBANK2    0014E
_mainReceivedDataPosition                     bssCOMMON    00070
_parentalLockBuffer                           dataBANK1    000C7
_pinINIT_extra                                text12       00FEB
_sendAcknowledgment                           text5        0068A
_sendFinalBufferToGAteway                     bssBANK2     00120
_strcat                                       text4        00645
_strcpy                                       text3        0079B
applicationControl@AcknowledgementString      cstackBANK0  0002F
applicationControl@BlueColorIntensityString   cstackBANK0  00033
applicationControl@ChildLockString            cstackBANK0  00034
applicationControl@FinalframebitString        cstackBANK0  00035
applicationControl@GreenColorIntensityString  cstackBANK0  00032
applicationControl@IntegerBlueColorIntensity  cstackBANK0  0003B
applicationControl@IntegerChildLock           cstackBANK0  0003E
applicationControl@IntegerFinalframebit       cstackBANK0  00040
applicationControl@IntegerGreenColorIntensity cstackBANK0  00039
applicationControl@IntegerSwitchNumber        cstackBANK0  00044
applicationControl@IntergerRedColorIntensity  cstackBANK0  00037
applicationControl@IntergerSwitchStatus       cstackBANK0  00046
applicationControl@ModuleNameString           cstackBANK0  00043
applicationControl@RedColorIntensityString    cstackBANK0  00031
applicationControl@SwitchNumberString         cstackBANK0  0002E
applicationControl@SwitchStatusString         cstackBANK0  00030
applicationControl@charSwitchState            cstackBANK0  0003D
applicationControl@charchildLock              cstackBANK0  00042
applicationControl@i                          cstackBANK0  00048
atoi@a                                        cstackBANK0  0002B
atoi@s                                        cstackBANK0  0002D
atoi@sign                                     cstackBANK0  0002A
btemp                                         (abs)        0007E
clear_ram0                                    clrtext      00FB6
end_of_initialization                         cinit        000CF
errorsISR@Tx_count                            cstackCOMMON 00078
errorsISR@errNum                              cstackCOMMON 00076
errorsMain@Tx_count                           cstackBANK0  00022
errorsMain@errNum                             cstackBANK0  00020
init_ram                                      inittext     007FA
int$flags                                     (abs)        0007E
intlevel0                                     functab      00000
intlevel1                                     functab      00000
intlevel2                                     functab      00000
intlevel3                                     functab      00000
intlevel4                                     functab      00000
intlevel5                                     functab      00000
isdigit@c                                     cstackBANK0  00021
main@dataBufferCounter                        cstackBANK1  000E1
main@man                                      cstackBANK1  000E3
reset_vec                                     reset_vec    00000
sendAcknowledgment@Tx_count                   cstackBANK0  00022
sendAcknowledgment@currentStateBuffer         cstackBANK0  00020
stackhi                                       (abs)        022EF
stacklo                                       (abs)        020E0
start                                         init         0008F
start_initialization                          cinit        00091
strcat@cp                                     cstackBANK0  00023
strcat@from                                   cstackBANK0  00020
strcat@to                                     cstackBANK0  00024
strcpy@cp                                     cstackBANK0  00023
strcpy@from                                   cstackBANK0  00020
strcpy@to                                     cstackBANK0  00022
wtemp0                                        (abs)        0007E


FUNCTION INFORMATION:

 *************** function _main *****************
 Defined at:
		line 226 in file "mainFileRgbNewframeFormate.c"
 Parameters:    Size  Location     Type
		None
 Auto vars:     Size  Location     Type
  dataBufferCo    2    0[BANK1 ] int 
  man             2    2[BANK1 ] int 
 Return value:  Size  Location     Type
                  2  203[None  ] int 
 Registers used:
		wreg, fsr0l, fsr0h, fsr1l, fsr1h, status,2, status,0, pclath, cstack
 Tracked objects:
		On entry : 
		On exit  : 
		Unchanged: 
 Data sizes:     COMMON   BANK0   BANK1   BANK2   BANK3   BANK4   BANK5   BANK6   BANK7   BANK8   BANK9
      Params:         0       0       0       0       0       0       0       0       0       0       0
      Locals:         0       0       4       0       0       0       0       0       0       0       0
      Temps:          0       8       0       0       0       0       0       0       0       0       0
      Totals:         0       8       4       0       0       0       0       0       0       0       0
Total ram usage:       12 bytes
 Hardware stack levels required when called:    5
 This function calls:
		_GPIO_pin_Initialize
		_allPeripheralInit
		_applicationControl
		_errorsMain
		_sendAcknowledgment
 This function is called by:
		Startup code after reset
 This function uses a non-reentrant model


 *************** function _errorsMain *****************
 Defined at:
		line 544 in file "mainFileRgbNewframeFormate.c"
 Parameters:    Size  Location     Type
  errNum          2    0[BANK0 ] PTR unsigned char 
		 -> STR_17(5), STR_16(3), 
 Auto vars:     Size  Location     Type
  Tx_count        2    2[BANK0 ] int 
 Return value:  Size  Location     Type
                  1    wreg      void 
 Registers used:
		wreg, fsr0l, fsr0h, status,2, status,0, pclath
 Tracked objects:
		On entry : 
		On exit  : 
		Unchanged: 
 Data sizes:     COMMON   BANK0   BANK1   BANK2   BANK3   BANK4   BANK5   BANK6   BANK7   BANK8   BANK9
      Params:         0       2       0       0       0       0       0       0       0       0       0
      Locals:         0       2       0       0       0       0       0       0       0       0       0
      Temps:          0       0       0       0       0       0       0       0       0       0       0
      Totals:         0       4       0       0       0       0       0       0       0       0       0
Total ram usage:        4 bytes
 Hardware stack levels used:    1
 Hardware stack levels required when called:    2
 This function calls:
		Nothing
 This function is called by:
		_main
 This function uses a non-reentrant model


 *************** function _applicationControl *****************
 Defined at:
		line 1 in file "applicationControl.h"
 Parameters:    Size  Location     Type
  ModuleNameSt    1    wreg     PTR unsigned char 
		 -> NULL(0), 
  SwitchNumber    1   14[BANK0 ] PTR unsigned char 
		 -> NULL(0), 
  Acknowledgem    1   15[BANK0 ] PTR unsigned char 
		 -> NULL(0), 
  SwitchStatus    1   16[BANK0 ] PTR unsigned char 
		 -> NULL(0), 
  RedColorInte    1   17[BANK0 ] PTR unsigned char 
		 -> NULL(0), 
  GreenColorIn    1   18[BANK0 ] PTR unsigned char 
		 -> NULL(0), 
  BlueColorInt    1   19[BANK0 ] PTR unsigned char 
		 -> NULL(0), 
  ChildLockStr    1   20[BANK0 ] PTR unsigned char 
		 -> NULL(0), 
  Finalframebi    1   21[BANK0 ] PTR unsigned char 
		 -> NULL(0), 
 Auto vars:     Size  Location     Type
  ModuleNameSt    1   35[BANK0 ] PTR unsigned char 
		 -> NULL(0), 
  i               2   40[BANK0 ] int 
  IntergerSwit    2   38[BANK0 ] int 
  IntegerSwitc    2   36[BANK0 ] int 
  IntegerFinal    2   32[BANK0 ] int 
  IntegerChild    2   30[BANK0 ] int 
  IntegerBlueC    2   27[BANK0 ] int 
  IntegerGreen    2   25[BANK0 ] int 
  IntergerRedC    2   23[BANK0 ] int 
  charchildLoc    1   34[BANK0 ] unsigned char 
  charSwitchSt    1   29[BANK0 ] unsigned char 
 Return value:  Size  Location     Type
                  1    wreg      void 
 Registers used:
		wreg, fsr0l, fsr0h, fsr1l, fsr1h, status,2, status,0, pclath, cstack
 Tracked objects:
		On entry : 
		On exit  : 
		Unchanged: 
 Data sizes:     COMMON   BANK0   BANK1   BANK2   BANK3   BANK4   BANK5   BANK6   BANK7   BANK8   BANK9
      Params:         0       8       0       0       0       0       0       0       0       0       0
      Locals:         0      19       0       0       0       0       0       0       0       0       0
      Temps:          0       1       0       0       0       0       0       0       0       0       0
      Totals:         0      28       0       0       0       0       0       0       0       0       0
Total ram usage:       28 bytes
 Hardware stack levels used:    1
 Hardware stack levels required when called:    4
 This function calls:
		_atoi
		_sendAcknowledgment
		_strcat
		_strcpy
 This function is called by:
		_main
 This function uses a non-reentrant model


 *************** function _strcpy *****************
 Defined at:
		line 8 in file "C:\Program Files (x86)\Microchip\xc8\v1.45\sources\common\strcpy.c"
 Parameters:    Size  Location     Type
  to              1    wreg     PTR unsigned char 
		 -> sendFinalBufferToGAteway(46), 
  from            1    0[BANK0 ] PTR const unsigned char 
		 -> ModuleNameBuffer(3), 
 Auto vars:     Size  Location     Type
  to              1    2[BANK0 ] PTR unsigned char 
		 -> sendFinalBufferToGAteway(46), 
  cp              1    3[BANK0 ] PTR unsigned char 
		 -> sendFinalBufferToGAteway(46), 
 Return value:  Size  Location     Type
                  1    wreg      PTR unsigned char 
 Registers used:
		wreg, fsr0l, fsr0h, fsr1l, fsr1h, status,2, status,0
 Tracked objects:
		On entry : 
		On exit  : 
		Unchanged: 
 Data sizes:     COMMON   BANK0   BANK1   BANK2   BANK3   BANK4   BANK5   BANK6   BANK7   BANK8   BANK9
      Params:         0       1       0       0       0       0       0       0       0       0       0
      Locals:         0       2       0       0       0       0       0       0       0       0       0
      Temps:          0       1       0       0       0       0       0       0       0       0       0
      Totals:         0       4       0       0       0       0       0       0       0       0       0
Total ram usage:        4 bytes
 Hardware stack levels used:    1
 Hardware stack levels required when called:    2
 This function calls:
		Nothing
 This function is called by:
		_applicationControl
 This function uses a non-reentrant model


 *************** function _strcat *****************
 Defined at:
		line 8 in file "C:\Program Files (x86)\Microchip\xc8\v1.45\sources\common\strcat.c"
 Parameters:    Size  Location     Type
  to              1    wreg     PTR unsigned char 
		 -> sendFinalBufferToGAteway(46), 
  from            2    0[BANK0 ] PTR const unsigned char 
		 -> STR_12(2), STR_11(2), FinalFramebitBuffer(1), STR_10(2), 
		 -> ChildLockBuffer(1), STR_9(2), BlueColorIntensityBuffer(3), STR_8(2), 
		 -> GreenColorIntensityBuffer(3), STR_7(2), RedColorIntensityBuffer(3), STR_6(2), 
		 -> SwitchStatusBuffer(1), STR_5(2), STR_4(7), STR_3(2), 
		 -> SwitchNumberBuffer(2), STR_2(2), 
 Auto vars:     Size  Location     Type
  to              1    4[BANK0 ] PTR unsigned char 
		 -> sendFinalBufferToGAteway(46), 
  cp              1    3[BANK0 ] PTR unsigned char 
		 -> sendFinalBufferToGAteway(46), 
 Return value:  Size  Location     Type
                  1    wreg      PTR unsigned char 
 Registers used:
		wreg, fsr0l, fsr0h, fsr1l, fsr1h, status,2, status,0, pclath
 Tracked objects:
		On entry : 
		On exit  : 
		Unchanged: 
 Data sizes:     COMMON   BANK0   BANK1   BANK2   BANK3   BANK4   BANK5   BANK6   BANK7   BANK8   BANK9
      Params:         0       2       0       0       0       0       0       0       0       0       0
      Locals:         0       2       0       0       0       0       0       0       0       0       0
      Temps:          0       1       0       0       0       0       0       0       0       0       0
      Totals:         0       5       0       0       0       0       0       0       0       0       0
Total ram usage:        5 bytes
 Hardware stack levels used:    1
 Hardware stack levels required when called:    2
 This function calls:
		Nothing
 This function is called by:
		_applicationControl
 This function uses a non-reentrant model


 *************** function _sendAcknowledgment *****************
 Defined at:
		line 554 in file "mainFileRgbNewframeFormate.c"
 Parameters:    Size  Location     Type
  currentState    2    0[BANK0 ] PTR unsigned char 
		 -> STR_25(27), STR_24(27), STR_23(27), STR_22(27), 
		 -> STR_21(27), STR_20(27), STR_19(27), STR_18(27), 
		 -> STR_14(3), STR_13(4), sendFinalBufferToGAteway(46), STR_1(4), 
 Auto vars:     Size  Location     Type
  Tx_count        2    2[BANK0 ] int 
 Return value:  Size  Location     Type
                  1    wreg      void 
 Registers used:
		wreg, fsr0l, fsr0h, status,2, status,0, pclath
 Tracked objects:
		On entry : 
		On exit  : 
		Unchanged: 
 Data sizes:     COMMON   BANK0   BANK1   BANK2   BANK3   BANK4   BANK5   BANK6   BANK7   BANK8   BANK9
      Params:         0       2       0       0       0       0       0       0       0       0       0
      Locals:         0       2       0       0       0       0       0       0       0       0       0
      Temps:          0       0       0       0       0       0       0       0       0       0       0
      Totals:         0       4       0       0       0       0       0       0       0       0       0
Total ram usage:        4 bytes
 Hardware stack levels used:    1
 Hardware stack levels required when called:    2
 This function calls:
		Nothing
 This function is called by:
		_applicationControl
		_main
 This function uses a non-reentrant model


 *************** function _atoi *****************
 Defined at:
		line 5 in file "C:\Program Files (x86)\Microchip\xc8\v1.45\sources\common\atoi.c"
 Parameters:    Size  Location     Type
  s               1    wreg     PTR const unsigned char 
		 -> NULL(0), 
 Auto vars:     Size  Location     Type
  s               1   13[BANK0 ] PTR const unsigned char 
		 -> NULL(0), 
  a               2   11[BANK0 ] int 
  sign            1   10[BANK0 ] unsigned char 
 Return value:  Size  Location     Type
                  2    6[BANK0 ] int 
 Registers used:
		wreg, fsr1l, fsr1h, status,2, status,0, pclath, cstack
 Tracked objects:
		On entry : 
		On exit  : 
		Unchanged: 
 Data sizes:     COMMON   BANK0   BANK1   BANK2   BANK3   BANK4   BANK5   BANK6   BANK7   BANK8   BANK9
      Params:         0       2       0       0       0       0       0       0       0       0       0
      Locals:         0       4       0       0       0       0       0       0       0       0       0
      Temps:          0       2       0       0       0       0       0       0       0       0       0
      Totals:         0       8       0       0       0       0       0       0       0       0       0
Total ram usage:        8 bytes
 Hardware stack levels used:    1
 Hardware stack levels required when called:    3
 This function calls:
		___wmul
		_isdigit
 This function is called by:
		_applicationControl
 This function uses a non-reentrant model


 *************** function _isdigit *****************
 Defined at:
		line 8 in file "C:\Program Files (x86)\Microchip\xc8\v1.45\sources\common\isdigit.c"
 Parameters:    Size  Location     Type
  c               1    wreg     unsigned char 
 Auto vars:     Size  Location     Type
  c               1    1[BANK0 ] unsigned char 
 Return value:  Size  Location     Type
		None               void
 Registers used:
		wreg, status,2, status,0
 Tracked objects:
		On entry : 
		On exit  : 
		Unchanged: 
 Data sizes:     COMMON   BANK0   BANK1   BANK2   BANK3   BANK4   BANK5   BANK6   BANK7   BANK8   BANK9
      Params:         0       0       0       0       0       0       0       0       0       0       0
      Locals:         0       2       0       0       0       0       0       0       0       0       0
      Temps:          0       0       0       0       0       0       0       0       0       0       0
      Totals:         0       2       0       0       0       0       0       0       0       0       0
Total ram usage:        2 bytes
 Hardware stack levels used:    1
 Hardware stack levels required when called:    2
 This function calls:
		Nothing
 This function is called by:
		_atoi
 This function uses a non-reentrant model


 *************** function ___wmul *****************
 Defined at:
		line 15 in file "C:\Program Files (x86)\Microchip\xc8\v1.45\sources\common\Umul16.c"
 Parameters:    Size  Location     Type
  multiplier      2    0[BANK0 ] unsigned int 
  multiplicand    2    2[BANK0 ] unsigned int 
 Auto vars:     Size  Location     Type
  product         2    4[BANK0 ] unsigned int 
 Return value:  Size  Location     Type
                  2    0[BANK0 ] unsigned int 
 Registers used:
		wreg, status,2, status,0
 Tracked objects:
		On entry : 
		On exit  : 
		Unchanged: 
 Data sizes:     COMMON   BANK0   BANK1   BANK2   BANK3   BANK4   BANK5   BANK6   BANK7   BANK8   BANK9
      Params:         0       4       0       0       0       0       0       0       0       0       0
      Locals:         0       2       0       0       0       0       0       0       0       0       0
      Temps:          0       0       0       0       0       0       0       0       0       0       0
      Totals:         0       6       0       0       0       0       0       0       0       0       0
Total ram usage:        6 bytes
 Hardware stack levels used:    1
 Hardware stack levels required when called:    2
 This function calls:
		Nothing
 This function is called by:
		_atoi
 This function uses a non-reentrant model


 *************** function _allPeripheralInit *****************
 Defined at:
		line 486 in file "mainFileRgbNewframeFormate.c"
 Parameters:    Size  Location     Type
		None
 Auto vars:     Size  Location     Type
		None
 Return value:  Size  Location     Type
                  1    wreg      void 
 Registers used:
		wreg, status,2, status,0, pclath, cstack
 Tracked objects:
		On entry : 
		On exit  : 
		Unchanged: 
 Data sizes:     COMMON   BANK0   BANK1   BANK2   BANK3   BANK4   BANK5   BANK6   BANK7   BANK8   BANK9
      Params:         0       0       0       0       0       0       0       0       0       0       0
      Locals:         0       0       0       0       0       0       0       0       0       0       0
      Temps:          0       0       0       0       0       0       0       0       0       0       0
      Totals:         0       0       0       0       0       0       0       0       0       0       0
Total ram usage:        0 bytes
 Hardware stack levels used:    1
 Hardware stack levels required when called:    3
 This function calls:
		_EUSART_Initialize
 This function is called by:
		_main
 This function uses a non-reentrant model


 *************** function _EUSART_Initialize *****************
 Defined at:
		line 494 in file "mainFileRgbNewframeFormate.c"
 Parameters:    Size  Location     Type
		None
 Auto vars:     Size  Location     Type
		None
 Return value:  Size  Location     Type
                  1    wreg      void 
 Registers used:
		wreg
 Tracked objects:
		On entry : 
		On exit  : 
		Unchanged: 
 Data sizes:     COMMON   BANK0   BANK1   BANK2   BANK3   BANK4   BANK5   BANK6   BANK7   BANK8   BANK9
      Params:         0       0       0       0       0       0       0       0       0       0       0
      Locals:         0       0       0       0       0       0       0       0       0       0       0
      Temps:          0       0       0       0       0       0       0       0       0       0       0
      Totals:         0       0       0       0       0       0       0       0       0       0       0
Total ram usage:        0 bytes
 Hardware stack levels used:    1
 Hardware stack levels required when called:    2
 This function calls:
		Nothing
 This function is called by:
		_allPeripheralInit
 This function uses a non-reentrant model


 *************** function _GPIO_pin_Initialize *****************
 Defined at:
		line 459 in file "mainFileRgbNewframeFormate.c"
 Parameters:    Size  Location     Type
		None
 Auto vars:     Size  Location     Type
		None
 Return value:  Size  Location     Type
                  1    wreg      void 
 Registers used:
		status,2, status,0, pclath, cstack
 Tracked objects:
		On entry : 
		On exit  : 
		Unchanged: 
 Data sizes:     COMMON   BANK0   BANK1   BANK2   BANK3   BANK4   BANK5   BANK6   BANK7   BANK8   BANK9
      Params:         0       0       0       0       0       0       0       0       0       0       0
      Locals:         0       0       0       0       0       0       0       0       0       0       0
      Temps:          0       0       0       0       0       0       0       0       0       0       0
      Totals:         0       0       0       0       0       0       0       0       0       0       0
Total ram usage:        0 bytes
 Hardware stack levels used:    1
 Hardware stack levels required when called:    3
 This function calls:
		_clearAllPorts
		_pinINIT_extra
 This function is called by:
		_main
 This function uses a non-reentrant model


 *************** function _pinINIT_extra *****************
 Defined at:
		line 568 in file "mainFileRgbNewframeFormate.c"
 Parameters:    Size  Location     Type
		None
 Auto vars:     Size  Location     Type
		None
 Return value:  Size  Location     Type
                  1    wreg      void 
 Registers used:
		status,2
 Tracked objects:
		On entry : 
		On exit  : 
		Unchanged: 
 Data sizes:     COMMON   BANK0   BANK1   BANK2   BANK3   BANK4   BANK5   BANK6   BANK7   BANK8   BANK9
      Params:         0       0       0       0       0       0       0       0       0       0       0
      Locals:         0       0       0       0       0       0       0       0       0       0       0
      Temps:          0       0       0       0       0       0       0       0       0       0       0
      Totals:         0       0       0       0       0       0       0       0       0       0       0
Total ram usage:        0 bytes
 Hardware stack levels used:    1
 Hardware stack levels required when called:    2
 This function calls:
		Nothing
 This function is called by:
		_GPIO_pin_Initialize
 This function uses a non-reentrant model


 *************** function _clearAllPorts *****************
 Defined at:
		line 585 in file "mainFileRgbNewframeFormate.c"
 Parameters:    Size  Location     Type
		None
 Auto vars:     Size  Location     Type
		None
 Return value:  Size  Location     Type
                  1    wreg      void 
 Registers used:
		None
 Tracked objects:
		On entry : 
		On exit  : 
		Unchanged: 
 Data sizes:     COMMON   BANK0   BANK1   BANK2   BANK3   BANK4   BANK5   BANK6   BANK7   BANK8   BANK9
      Params:         0       0       0       0       0       0       0       0       0       0       0
      Locals:         0       0       0       0       0       0       0       0       0       0       0
      Temps:          0       0       0       0       0       0       0       0       0       0       0
      Totals:         0       0       0       0       0       0       0       0       0       0       0
Total ram usage:        0 bytes
 Hardware stack levels used:    1
 Hardware stack levels required when called:    2
 This function calls:
		Nothing
 This function is called by:
		_GPIO_pin_Initialize
 This function uses a non-reentrant model


 *************** function _isr *****************
 Defined at:
		line 183 in file "mainFileRgbNewframeFormate.c"
 Parameters:    Size  Location     Type
		None
 Auto vars:     Size  Location     Type
		None
 Return value:  Size  Location     Type
                  1    wreg      void 
 Registers used:
		wreg, fsr0l, fsr0h, fsr1l, fsr1h, status,2, status,0, pclath, cstack
 Tracked objects:
		On entry : 
		On exit  : 
		Unchanged: 
 Data sizes:     COMMON   BANK0   BANK1   BANK2   BANK3   BANK4   BANK5   BANK6   BANK7   BANK8   BANK9
      Params:         0       0       0       0       0       0       0       0       0       0       0
      Locals:         0       0       0       0       0       0       0       0       0       0       0
      Temps:          2       0       0       0       0       0       0       0       0       0       0
      Totals:         2       0       0       0       0       0       0       0       0       0       0
Total ram usage:        2 bytes
 Hardware stack levels used:    1
 Hardware stack levels required when called:    1
 This function calls:
		_errorsISR
 This function is called by:
		Interrupt level 1
 This function uses a non-reentrant model


 *************** function _errorsISR *****************
 Defined at:
		line 534 in file "mainFileRgbNewframeFormate.c"
 Parameters:    Size  Location     Type
  errNum          2    0[COMMON] PTR unsigned char 
		 -> STR_15(4), ErrorNames(5), 
 Auto vars:     Size  Location     Type
  Tx_count        2    2[COMMON] int 
 Return value:  Size  Location     Type
                  1    wreg      void 
 Registers used:
		wreg, fsr0l, fsr0h, status,2, status,0, pclath
 Tracked objects:
		On entry : 
		On exit  : 
		Unchanged: 
 Data sizes:     COMMON   BANK0   BANK1   BANK2   BANK3   BANK4   BANK5   BANK6   BANK7   BANK8   BANK9
      Params:         2       0       0       0       0       0       0       0       0       0       0
      Locals:         2       0       0       0       0       0       0       0       0       0       0
      Temps:          0       0       0       0       0       0       0       0       0       0       0
      Totals:         4       0       0       0       0       0       0       0       0       0       0
Total ram usage:        4 bytes
 Hardware stack levels used:    1
 This function calls:
		Nothing
 This function is called by:
		_isr
 This function uses a non-reentrant model



MODULE INFORMATION

Module		Function		Class		Link	Load	Size
C:\Program Files (x86)\Microchip\xc8\v1.45\sources\common\Umul16.c
		___wmul        		CODE           	06A7	0000	29

C:\Program Files (x86)\Microchip\xc8\v1.45\sources\common\Umul16.c estimated size: 29

mainFileRgbNewframeFormate.c
		_allPeripheralInit		CODE           	0FB3	0000	4
		_errorsMain    		CODE           	066D	0000	30
		_main          		CODE           	03C1	0000	477
		_sendAcknowledgment		CODE           	068A	0000	30
		_errorsISR     		CODE           	07B6	0000	26
		_EUSART_Initialize		CODE           	07CF	0000	23
		_clearAllPorts 		CODE           	0FBC	0000	8
		_isr           		CODE           	0004	0000	140
		_GPIO_pin_Initialize		CODE           	07E5	0000	22
		_pinINIT_extra 		CODE           	0FEB	0000	22

mainFileRgbNewframeFormate.c estimated size: 782

applicationControl.h
		_applicationControl		CODE           	00D3	0000	751

applicationControl.h estimated size: 751

C:\Program Files (x86)\Microchip\xc8\v1.45\sources\common\isdigit.c
		_isdigit       		CODE           	0FCA	0000	16

C:\Program Files (x86)\Microchip\xc8\v1.45\sources\common\isdigit.c estimated size: 16

C:\Program Files (x86)\Microchip\xc8\v1.45\sources\common\atoi.c
		_atoi          		CODE           	059D	0000	108

C:\Program Files (x86)\Microchip\xc8\v1.45\sources\common\atoi.c estimated size: 108

shared
		__initialization		CODE           	0091	0000	63

shared estimated size: 63

C:\Program Files (x86)\Microchip\xc8\v1.45\sources\common\strcat.c
		_strcat        		CODE           	0645	0000	41

C:\Program Files (x86)\Microchip\xc8\v1.45\sources\common\strcat.c estimated size: 41

C:\Program Files (x86)\Microchip\xc8\v1.45\sources\common\strcpy.c
		_strcpy        		CODE           	079B	0000	28

C:\Program Files (x86)\Microchip\xc8\v1.45\sources\common\strcpy.c estimated size: 28

